// Jest Snapshot v1, https://goo.gl/fbAQLP

exports[`Input Four Snapshot 1`] = `
<div
  id="input-four"
>
  <form
    onSubmit={[Function]}
  >
    <input
      disabled={undefined}
      id="inputguess"
      maxLength="4"
      minLength="4"
      onChange={[Function]}
      type="text"
      value=""
    />
  </form>
</div>
`;
