// Jest Snapshot v1, https://goo.gl/fbAQLP

exports[`New Game Snapshot 1`] = `
<div
  id="toggletimer"
>
  <div
    id="togglecheck"
  >
    <input
      checked={false}
      disabled={false}
      id="timer-choice"
      name="timer-choice"
      onChange={[Function]}
      type="checkbox"
    />
    <label
      htmlFor="timer-choice"
    />
  </div>
</div>
`;
