// Jest Snapshot v1, https://goo.gl/fbAQLP

exports[`New Game Snapshot 1`] = `
<div
  id="toggletimer"
>
  <div
    id="togglecheck"
  >
    <label
      htmlFor="timer-choice"
    >
      <input
        checked={false}
        disabled={false}
        id="timer-choice"
        name="timer-choice"
        onChange={[MockFunction]}
        type="checkbox"
      />
    </label>
  </div>
</div>
`;
